<?xml version="1.0" encoding="UTF-8"?><rss xmlns:dc="http://purl.org/dc/elements/1.1/" xmlns:content="http://purl.org/rss/1.0/modules/content/" xmlns:atom="http://www.w3.org/2005/Atom" version="2.0" xmlns:itunes="http://www.itunes.com/dtds/podcast-1.0.dtd"><channel><title><![CDATA[Untitled Podcast Feed]]></title><description><![CDATA[Untitled Podcast Feed]]></description><link>http://github.com/dylang/node-rss</link><generator>Podcast for Node</generator><lastBuildDate>Wed, 10 Dec 2014 19:04:57 GMT</lastBuildDate><itunes:owner><itunes:name></itunes:name><itunes:email></itunes:email></itunes:owner><itunes:explicit>No</itunes:explicit><item><title><![CDATA[No title]]></title><guid isPermaLink="false">No title</guid><itunes:explicit>No</itunes:explicit></item></channel></rss>
